2025-08-22 08:26:29.077: [INFO] OnDoneLoading sync enabled: 0
2025-08-22 08:26:40.251: [INFO] OnDoneLoading sync enabled: 0
2025-08-23 07:25:17.009: [INFO] OnDoneLoading sync enabled: 0
2025-08-23 07:39:53.879: [INFO] OnDoneLoading sync enabled: 0
2025-08-23 07:43:55.783: [INFO] OnDoneLoading sync enabled: 0
2025-08-23 07:51:01.225: [INFO] OnDoneLoading sync enabled: 0
2025-08-23 07:53:42.134: [INFO] OnDoneLoading sync enabled: 0
2025-08-23 08:01:31.503: [INFO] OnDoneLoading sync enabled: 0
2025-08-23 08:05:06.381: [INFO] OnDoneLoading sync enabled: 0
2025-08-23 11:26:45.128: [INFO] OnDoneLoading sync enabled: 0
2025-08-23 11:26:46.648: [INFO] OnDoneLoading sync enabled: 0
2025-08-23 11:27:49.034: [INFO] OnDoneLoading sync enabled: 0
2025-08-23 11:29:24.268: [INFO] OnDoneLoading sync enabled: 0
2025-08-23 11:35:42.035: [INFO] OnDoneLoading sync enabled: 0
2025-08-24 05:22:04.464: [INFO] OnDoneLoading sync enabled: 0
2025-08-24 05:36:13.203: [INFO] OnDoneLoading sync enabled: 0
2025-08-24 05:38:59.186: [INFO] OnDoneLoading sync enabled: 0
2025-08-24 05:41:47.107: [INFO] OnDoneLoading sync enabled: 0
2025-08-24 06:52:13.701: [INFO] OnDoneLoading sync enabled: 0
2025-08-24 06:57:29.253: [INFO] OnDoneLoading sync enabled: 0
2025-08-24 07:08:37.181: [INFO] OnDoneLoading sync enabled: 0
2025-08-24 07:09:23.255: [INFO] OnDoneLoading sync enabled: 0
2025-08-24 07:12:33.234: [INFO] OnDoneLoading sync enabled: 0
2025-08-24 07:18:14.286: [INFO] OnDoneLoading sync enabled: 0
2025-08-24 11:54:14.376: [INFO] OnDoneLoading sync enabled: 0
2025-08-24 11:56:33.994: [INFO] OnDoneLoading sync enabled: 0
2025-08-24 11:59:55.951: [INFO] OnDoneLoading sync enabled: 0
2025-08-24 12:00:12.438: [INFO] OnDoneLoading sync enabled: 0
2025-08-24 12:03:42.431: [INFO] OnDoneLoading sync enabled: 0
2025-08-24 12:05:15.918: [INFO] OnDoneLoading sync enabled: 0
2025-08-24 12:20:28.201: [INFO] OnDoneLoading sync enabled: 0
2025-08-24 12:28:04.328: [INFO] OnDoneLoading sync enabled: 0
2025-08-24 12:29:41.588: [INFO] OnDoneLoading sync enabled: 0
2025-08-24 12:30:16.886: [INFO] OnDoneLoading sync enabled: 0
2025-08-24 12:35:33.349: [INFO] OnDoneLoading sync enabled: 0
2025-08-24 13:18:52.793: [INFO] OnDoneLoading sync enabled: 0
2025-08-24 13:20:09.119: [INFO] OnDoneLoading sync enabled: 0
2025-08-24 13:23:32.494: [INFO] OnDoneLoading sync enabled: 0
2025-08-24 13:25:17.340: [INFO] OnDoneLoading sync enabled: 0
2025-08-24 13:26:07.861: [INFO] OnDoneLoading sync enabled: 0
2025-08-24 13:26:48.916: [INFO] OnDoneLoading sync enabled: 0
2025-08-24 14:48:20.807: [INFO] OnDoneLoading sync enabled: 0
2025-08-24 14:50:27.330: [INFO] OnDoneLoading sync enabled: 0
2025-08-24 15:19:04.389: [INFO] OnDoneLoading sync enabled: 0
2025-08-24 15:20:34.083: [INFO] OnDoneLoading sync enabled: 0
2025-08-24 15:21:51.802: [INFO] OnDoneLoading sync enabled: 0
2025-08-24 15:22:20.911: [INFO] OnDoneLoading sync enabled: 0
2025-08-24 15:23:29.762: [INFO] OnDoneLoading sync enabled: 0
2025-08-24 15:24:13.201: [INFO] OnDoneLoading sync enabled: 0
2025-08-24 15:30:03.982: [INFO] OnDoneLoading sync enabled: 0
2025-08-24 15:37:23.137: [INFO] OnDoneLoading sync enabled: 0
2025-08-24 15:37:44.174: [INFO] OnDoneLoading sync enabled: 0
2025-08-24 15:57:44.647: [INFO] OnDoneLoading sync enabled: 0
2025-08-24 15:58:14.253: [INFO] OnDoneLoading sync enabled: 0
2025-08-24 17:45:19.765: [INFO] OnDoneLoading sync enabled: 0
2025-08-24 17:48:15.641: [INFO] OnDoneLoading sync enabled: 0
2025-08-24 17:50:03.334: [INFO] OnDoneLoading sync enabled: 0
2025-08-25 05:10:54.824: [INFO] OnDoneLoading sync enabled: 0
2025-08-26 08:27:04.568: [INFO] OnDoneLoading sync enabled: 0
2025-08-27 10:25:25.251: [INFO] OnDoneLoading sync enabled: 0
2025-08-29 17:43:14.809: [INFO] OnDoneLoading sync enabled: 0
2025-08-30 18:22:59.273: [INFO] OnDoneLoading sync enabled: 0
2025-09-02 02:28:30.416: [INFO] OnDoneLoading sync enabled: 0
2025-09-10 17:47:17.126: [INFO] OnDoneLoading sync enabled: 0
2025-09-12 04:17:52.665: [INFO] OnDoneLoading sync enabled: 0
2025-09-14 13:33:35.613: [INFO] OnDoneLoading sync enabled: 0
2025-09-15 12:54:59.639: [INFO] OnDoneLoading sync enabled: 0
2025-09-15 13:09:10.522: [INFO] OnDoneLoading sync enabled: 0
2025-09-20 07:28:38.911: [INFO] OnDoneLoading sync enabled: 0
2025-09-20 12:27:26.221: [INFO] OnDoneLoading sync enabled: 0
2025-09-20 13:11:39.782: [INFO] OnDoneLoading sync enabled: 0
2025-09-20 13:11:54.063: [INFO] OnDoneLoading sync enabled: 0
2025-09-20 15:21:56.148: [INFO] OnDoneLoading sync enabled: 0
2025-09-20 15:29:50.731: [INFO] OnDoneLoading sync enabled: 0
2025-09-20 15:44:55.154: [INFO] OnDoneLoading sync enabled: 0
2025-09-20 15:45:29.427: [INFO] OnDoneLoading sync enabled: 0
2025-09-20 16:19:16.961: [INFO] OnDoneLoading sync enabled: 0
2025-09-20 16:25:16.221: [INFO] OnDoneLoading sync enabled: 0
2025-09-20 16:52:12.383: [INFO] OnDoneLoading sync enabled: 0
2025-09-20 16:52:26.259: [INFO] OnDoneLoading sync enabled: 0
2025-09-20 16:55:55.198: [INFO] OnDoneLoading sync enabled: 0
2025-09-20 16:57:52.888: [INFO] OnDoneLoading sync enabled: 0
2025-09-20 17:01:13.450: [INFO] OnDoneLoading sync enabled: 0
2025-09-20 17:06:18.810: [INFO] OnDoneLoading sync enabled: 0
2025-09-20 17:08:57.312: [INFO] OnDoneLoading sync enabled: 0
2025-10-03 19:57:35.637: [INFO] OnDoneLoading sync enabled: 0
2025-10-25 08:10:16.702: [INFO] OnDoneLoading sync enabled: 0
2025-10-27 02:40:53.599: [INFO] OnDoneLoading sync enabled: 0
2025-10-27 02:47:48.373: [INFO] OnDoneLoading sync enabled: 0
2025-10-27 03:27:39.351: [INFO] OnDoneLoading sync enabled: 0
2025-10-27 03:36:22.539: [INFO] OnDoneLoading sync enabled: 0
2025-11-09 08:41:59.708: [INFO] OnDoneLoading sync enabled: 0
2025-11-25 07:54:32.160: [INFO] OnDoneLoading sync enabled: 0
2025-11-26 08:11:39.976: [INFO] OnDoneLoading sync enabled: 0
2025-11-26 08:17:10.084: [INFO] OnDoneLoading sync enabled: 0
2025-11-29 12:36:15.613: [INFO] OnDoneLoading sync enabled: 0
2025-11-29 12:37:41.997: [INFO] OnDoneLoading sync enabled: 0
2025-11-29 18:25:32.421: [INFO] OnDoneLoading sync enabled: 0
2025-11-29 18:34:28.653: [INFO] OnDoneLoading sync enabled: 0
2025-11-29 18:38:24.751: [INFO] OnDoneLoading sync enabled: 0
2025-11-29 18:39:31.015: [INFO] OnDoneLoading sync enabled: 0
2025-11-29 18:43:50.115: [INFO] OnDoneLoading sync enabled: 0
2025-11-29 18:44:27.955: [INFO] OnDoneLoading sync enabled: 0
2025-11-29 18:44:50.531: [INFO] OnDoneLoading sync enabled: 0
2025-11-29 18:46:01.370: [INFO] OnDoneLoading sync enabled: 0
2025-11-29 19:33:23.928: [INFO] OnDoneLoading sync enabled: 0
2025-11-29 19:36:15.796: [INFO] OnDoneLoading sync enabled: 0
2025-11-29 19:39:14.628: [INFO] OnDoneLoading sync enabled: 0
2025-11-29 19:42:26.786: [INFO] OnDoneLoading sync enabled: 0
2025-11-29 19:44:28.864: [INFO] OnDoneLoading sync enabled: 0
2025-11-29 19:50:20.816: [INFO] OnDoneLoading sync enabled: 0
2025-11-29 19:50:39.963: [INFO] OnDoneLoading sync enabled: 0
2025-11-29 19:51:44.860: [INFO] OnDoneLoading sync enabled: 0
2025-11-29 19:52:12.205: [INFO] OnDoneLoading sync enabled: 0
2025-11-29 19:57:45.073: [INFO] OnDoneLoading sync enabled: 0
2025-11-29 20:04:34.452: [INFO] OnDoneLoading sync enabled: 0
2025-11-29 20:05:57.233: [INFO] OnDoneLoading sync enabled: 0
2025-11-29 20:07:09.058: [INFO] OnDoneLoading sync enabled: 0
2025-11-29 20:13:04.571: [INFO] OnDoneLoading sync enabled: 0
2025-11-29 20:21:12.104: [INFO] OnDoneLoading sync enabled: 0
2025-11-29 20:28:16.519: [INFO] OnDoneLoading sync enabled: 0
2025-11-29 20:29:23.363: [INFO] OnDoneLoading sync enabled: 0
2025-11-29 20:39:41.057: [INFO] OnDoneLoading sync enabled: 0
2025-11-29 20:41:35.755: [INFO] OnDoneLoading sync enabled: 0
2025-11-29 20:43:14.973: [INFO] OnDoneLoading sync enabled: 0
2025-11-29 20:44:42.237: [INFO] OnDoneLoading sync enabled: 0
2025-11-29 20:47:20.434: [INFO] OnDoneLoading sync enabled: 0
2025-11-29 20:47:43.957: [INFO] OnDoneLoading sync enabled: 0
2025-11-29 20:51:29.064: [INFO] OnDoneLoading sync enabled: 0
2025-11-29 20:51:52.047: [INFO] OnDoneLoading sync enabled: 0
2025-11-30 14:23:41.788: [INFO] OnDoneLoading sync enabled: 0
2025-11-30 14:26:52.750: [INFO] OnDoneLoading sync enabled: 0
2025-11-30 17:57:19.832: [INFO] OnDoneLoading sync enabled: 0
2025-12-02 20:21:13.405: [INFO] OnDoneLoading sync enabled: 0
2025-12-03 17:44:12.369: [INFO] OnDoneLoading sync enabled: 0
2025-12-03 17:47:12.430: [INFO] OnDoneLoading sync enabled: 0
2025-12-05 23:03:40.254: [INFO] OnDoneLoading sync enabled: 0
2025-12-05 23:17:26.437: [INFO] OnDoneLoading sync enabled: 0
2025-12-20 11:31:47.182: [INFO] OnDoneLoading sync enabled: 0
2025-12-20 11:41:37.877: [INFO] OnDoneLoading sync enabled: 0
2025-12-22 18:57:34.099: [INFO] OnDoneLoading sync enabled: 0
2025-12-22 19:20:21.030: [INFO] OnDoneLoading sync enabled: 0
2025-12-22 19:21:55.740: [INFO] OnDoneLoading sync enabled: 0
2025-12-22 19:23:51.198: [INFO] OnDoneLoading sync enabled: 0
2025-12-22 19:29:30.248: [INFO] OnDoneLoading sync enabled: 0
2025-12-22 19:30:07.170: [INFO] OnDoneLoading sync enabled: 0
2025-12-22 19:30:40.418: [INFO] OnDoneLoading sync enabled: 0
2025-12-22 19:30:49.453: [INFO] OnDoneLoading sync enabled: 0
2025-12-22 19:33:47.934: [INFO] OnDoneLoading sync enabled: 0
2025-12-22 19:35:20.602: [INFO] OnDoneLoading sync enabled: 0
2025-12-22 19:40:39.983: [INFO] OnDoneLoading sync enabled: 0
2025-12-22 19:46:54.129: [INFO] OnDoneLoading sync enabled: 0
2025-12-22 19:47:50.741: [INFO] OnDoneLoading sync enabled: 0
2025-12-22 19:51:39.186: [INFO] OnDoneLoading sync enabled: 0
2026-01-08 03:36:37.015: [INFO] OnDoneLoading sync enabled: 0
2026-01-12 06:48:25.442: [INFO] OnDoneLoading sync enabled: 0
2026-01-12 13:10:10.365: [INFO] OnDoneLoading sync enabled: 0
2026-01-12 13:12:32.879: [INFO] OnDoneLoading sync enabled: 0
2026-01-12 13:14:53.604: [INFO] OnDoneLoading sync enabled: 0
2026-01-12 13:15:08.990: [INFO] OnDoneLoading sync enabled: 0
2026-01-17 16:32:23.287: [INFO] OnDoneLoading sync enabled: 0
2026-01-17 18:43:44.374: [INFO] OnDoneLoading sync enabled: 0
2026-01-18 15:02:28.626: [INFO] OnDoneLoading sync enabled: 0
2026-01-18 15:02:39.755: [INFO] OnDoneLoading sync enabled: 0
2026-01-18 18:23:19.448: [INFO] OnDoneLoading sync enabled: 0
2026-01-18 18:24:04.810: [INFO] OnDoneLoading sync enabled: 0
2026-01-18 18:35:43.151: [INFO] OnDoneLoading sync enabled: 0
2026-03-19 09:56:36.097: [INFO] OnDoneLoading sync enabled: 0
2026-03-27 19:11:28.593: [INFO] OnDoneLoading sync enabled: 0
2026-03-27 21:47:43.341: [INFO] OnDoneLoading sync enabled: 0
2026-03-27 21:48:19.502: [INFO] OnDoneLoading sync enabled: 0
2026-03-27 21:50:08.910: [INFO] OnDoneLoading sync enabled: 0
2026-04-04 03:40:53.365: [INFO] OnDoneLoading sync enabled: 0
2026-04-04 09:11:44.477: [INFO] OnDoneLoading sync enabled: 0
2026-04-04 09:11:58.184: [INFO] OnDoneLoading sync enabled: 0
2026-04-04 09:12:44.007: [INFO] OnDoneLoading sync enabled: 0
2026-04-04 09:14:40.627: [INFO] OnDoneLoading sync enabled: 0
2026-04-04 09:14:53.903: [INFO] OnDoneLoading sync enabled: 0
2026-04-04 09:15:06.564: [INFO] OnDoneLoading sync enabled: 0
2026-04-04 09:19:17.466: [INFO] OnDoneLoading sync enabled: 0
2026-04-04 09:22:38.018: [INFO] OnDoneLoading sync enabled: 0
2026-04-04 09:23:04.984: [INFO] OnDoneLoading sync enabled: 0
2026-07-28 10:16:56.916: [INFO] OnDoneLoading sync enabled: 0
2026-07-28 11:28:31.362: [INFO] OnDoneLoading sync enabled: 0
2026-07-28 11:40:49.732: [INFO] OnDoneLoading sync enabled: 0
2026-07-28 12:00:00.680: [INFO] OnDoneLoading sync enabled: 0
2026-07-28 12:03:28.232: [INFO] OnDoneLoading sync enabled: 0
2026-07-28 14:40:55.105: [INFO] OnDoneLoading sync enabled: 0
2026-07-28 15:23:22.959: [INFO] OnDoneLoading sync enabled: 0
2026-07-28 15:23:48.997: [INFO] OnDoneLoading sync enabled: 0
2026-07-28 15:36:43.766: [INFO] OnDoneLoading sync enabled: 0
2026-07-28 17:04:03.294: [INFO] OnDoneLoading sync enabled: 0
2026-07-28 17:05:31.496: [INFO] OnDoneLoading sync enabled: 0
2026-07-28 17:16:32.492: [INFO] OnDoneLoading sync enabled: 0
2026-07-30 06:17:57.141: [INFO] OnDoneLoading sync enabled: 0
2026-07-30 07:08:32.672: [INFO] OnDoneLoading sync enabled: 0
2026-07-30 07:28:08.631: [INFO] OnDoneLoading sync enabled: 0
2026-07-30 07:29:21.438: [INFO] OnDoneLoading sync enabled: 0
2026-07-30 07:29:48.302: [INFO] OnDoneLoading sync enabled: 0
2026-07-31 12:27:19.921: [INFO] OnDoneLoading sync enabled: 0
2026-07-31 20:27:08.175: [INFO] OnDoneLoading sync enabled: 0
2026-07-31 20:27:42.282: [INFO] OnDoneLoading sync enabled: 0
2026-07-31 20:30:17.041: [INFO] OnDoneLoading sync enabled: 0
2026-07-31 21:59:18.658: [INFO] OnDoneLoading sync enabled: 0
2026-07-31 22:03:03.178: [INFO] OnDoneLoading sync enabled: 0
2026-08-02 09:41:29.973: [INFO] OnDoneLoading sync enabled: 0
2026-08-26 02:56:19.853: [INFO] CurrentProfilePath: D:\Automation_practice\AutomationPractice\.metadata\.plugins\org.eclipse.swt\EBWebView\Default
2026-08-26 02:56:19.853: [INFO] Profiles total count: 1
2026-08-26 02:56:19.854: [INFO] Profile: name=Profile 1 path=D:\Automation_practice\AutomationPractice\.metadata\.plugins\org.eclipse.swt\EBWebView\Default lastActive=2026-08-01T00:23:34.523Z
2026-08-26 02:56:19.854: [INFO] LastUsedProfileDir: D:\Automation_practice\AutomationPractice\.metadata\.plugins\org.eclipse.swt\EBWebView\Default
2026-08-26 02:56:19.854: [INFO] MostRecentlyActiveProfile: name=Profile 1 path=D:\Automation_practice\AutomationPractice\.metadata\.plugins\org.eclipse.swt\EBWebView\Default lastActive=2026-08-01T00:23:34.523Z
2026-08-26 02:56:19.854: [INFO] OnDoneLoading sync enabled: 0
2026-08-26 02:56:19.854: [INFO] BookmarkModelLoaded, ids_reassigned: 0
2026-08-26 02:56:19.854: [INFO] BookmarksLoadDropped droppedNodes=0
2026-08-26 02:56:19.854: [INFO] BookmarksSnapshot Startup total=0 bar=0 other=0 mobile=0 showBar=0 showBarNTP=1
2026-08-30 10:06:29.856: [INFO] CurrentProfilePath: D:\Automation_practice\AutomationPractice\.metadata\.plugins\org.eclipse.swt\EBWebView\Default
2026-08-30 10:06:29.856: [INFO] Profiles total count: 1
2026-08-30 10:06:29.856: [INFO] Profile: name=Profile 1 path=D:\Automation_practice\AutomationPractice\.metadata\.plugins\org.eclipse.swt\EBWebView\Default lastActive=2026-08-01T00:23:34.523Z
2026-08-30 10:06:29.856: [INFO] LastUsedProfileDir: D:\Automation_practice\AutomationPractice\.metadata\.plugins\org.eclipse.swt\EBWebView\Default
2026-08-30 10:06:29.856: [INFO] MostRecentlyActiveProfile: name=Profile 1 path=D:\Automation_practice\AutomationPractice\.metadata\.plugins\org.eclipse.swt\EBWebView\Default lastActive=2026-08-01T00:23:34.523Z
2026-08-30 10:06:29.856: [INFO] OnDoneLoading sync enabled: 0
2026-08-30 10:06:29.856: [INFO] BookmarkModelLoaded, ids_reassigned: 0
2026-08-30 10:06:29.856: [INFO] BookmarksLoadDropped droppedNodes=0
2026-08-30 10:06:29.856: [INFO] BookmarksSnapshot Startup total=0 bar=0 other=0 mobile=0 showBar=0 showBarNTP=1
2026-09-01 17:59:14.479: [INFO] BookmarksSnapshot Shutdown total=0 bar=0 other=0 mobile=0 showBar=0 showBarNTP=1
2026-09-01 17:59:55.993: [INFO] CurrentProfilePath: D:\Automation_practice\AutomationPractice\.metadata\.plugins\org.eclipse.swt\EBWebView\Default
2026-09-01 17:59:55.993: [INFO] Profiles total count: 1
2026-09-01 17:59:55.993: [INFO] Profile: name=Profile 1 path=D:\Automation_practice\AutomationPractice\.metadata\.plugins\org.eclipse.swt\EBWebView\Default lastActive=2026-08-01T00:23:34.523Z
2026-09-01 17:59:55.993: [INFO] LastUsedProfileDir: D:\Automation_practice\AutomationPractice\.metadata\.plugins\org.eclipse.swt\EBWebView\Default
2026-09-01 17:59:55.993: [INFO] MostRecentlyActiveProfile: name=Profile 1 path=D:\Automation_practice\AutomationPractice\.metadata\.plugins\org.eclipse.swt\EBWebView\Default lastActive=2026-08-01T00:23:34.523Z
2026-09-01 17:59:55.993: [INFO] OnDoneLoading sync enabled: 0
2026-09-01 17:59:55.993: [INFO] BookmarkModelLoaded, ids_reassigned: 0
2026-09-01 17:59:55.993: [INFO] BookmarksLoadDropped droppedNodes=0
2026-09-01 17:59:55.993: [INFO] BookmarksSnapshot Startup total=0 bar=0 other=0 mobile=0 showBar=0 showBarNTP=1
2026-09-05 17:08:59.506: [INFO] BookmarksSnapshot Shutdown total=0 bar=0 other=0 mobile=0 showBar=0 showBarNTP=1
2026-09-05 17:15:01.900: [INFO] CurrentProfilePath: D:\Automation_practice\AutomationPractice\.metadata\.plugins\org.eclipse.swt\EBWebView\Default
2026-09-05 17:15:01.900: [INFO] Profiles total count: 1
2026-09-05 17:15:01.900: [INFO] Profile: name=Profile 1 path=D:\Automation_practice\AutomationPractice\.metadata\.plugins\org.eclipse.swt\EBWebView\Default lastActive=2026-09-05T15:04:49.666Z
2026-09-05 17:15:01.900: [INFO] LastUsedProfileDir: D:\Automation_practice\AutomationPractice\.metadata\.plugins\org.eclipse.swt\EBWebView\Default
2026-09-05 17:15:01.900: [INFO] MostRecentlyActiveProfile: name=Profile 1 path=D:\Automation_practice\AutomationPractice\.metadata\.plugins\org.eclipse.swt\EBWebView\Default lastActive=2026-09-05T15:04:49.666Z
2026-09-05 17:15:01.900: [INFO] OnDoneLoading sync enabled: 0
2026-09-05 17:15:01.900: [INFO] BookmarkModelLoaded, ids_reassigned: 0
2026-09-05 17:15:01.900: [INFO] BookmarksLoadDropped droppedNodes=0
2026-09-05 17:15:01.900: [INFO] BookmarksSnapshot Startup total=0 bar=0 other=0 mobile=0 showBar=0 showBarNTP=1
2026-09-05 17:16:13.850: [INFO] BookmarksSnapshot Shutdown total=0 bar=0 other=0 mobile=0 showBar=0 showBarNTP=1
2026-09-05 17:17:41.915: [INFO] CurrentProfilePath: D:\Automation_practice\AutomationPractice\.metadata\.plugins\org.eclipse.swt\EBWebView\Default
2026-09-05 17:17:41.915: [INFO] Profiles total count: 1
2026-09-05 17:17:41.915: [INFO] Profile: name=Profile 1 path=D:\Automation_practice\AutomationPractice\.metadata\.plugins\org.eclipse.swt\EBWebView\Default lastActive=2026-09-05T15:04:49.666Z
2026-09-05 17:17:41.915: [INFO] LastUsedProfileDir: D:\Automation_practice\AutomationPractice\.metadata\.plugins\org.eclipse.swt\EBWebView\Default
2026-09-05 17:17:41.915: [INFO] MostRecentlyActiveProfile: name=Profile 1 path=D:\Automation_practice\AutomationPractice\.metadata\.plugins\org.eclipse.swt\EBWebView\Default lastActive=2026-09-05T15:04:49.666Z
2026-09-05 17:17:41.915: [INFO] OnDoneLoading sync enabled: 0
2026-09-05 17:17:41.915: [INFO] BookmarkModelLoaded, ids_reassigned: 0
2026-09-05 17:17:41.915: [INFO] BookmarksLoadDropped droppedNodes=0
2026-09-05 17:17:41.915: [INFO] BookmarksSnapshot Startup total=0 bar=0 other=0 mobile=0 showBar=0 showBarNTP=1
2026-09-05 18:43:30.181: [INFO] BookmarksSnapshot Shutdown total=0 bar=0 other=0 mobile=0 showBar=0 showBarNTP=1
2026-09-05 18:44:34.492: [INFO] CurrentProfilePath: D:\Automation_practice\AutomationPractice\.metadata\.plugins\org.eclipse.swt\EBWebView\Default
2026-09-05 18:44:34.492: [INFO] Profiles total count: 1
2026-09-05 18:44:34.492: [INFO] Profile: name=Profile 1 path=D:\Automation_practice\AutomationPractice\.metadata\.plugins\org.eclipse.swt\EBWebView\Default lastActive=2026-09-05T15:04:49.666Z
2026-09-05 18:44:34.492: [INFO] LastUsedProfileDir: D:\Automation_practice\AutomationPractice\.metadata\.plugins\org.eclipse.swt\EBWebView\Default
2026-09-05 18:44:34.492: [INFO] MostRecentlyActiveProfile: name=Profile 1 path=D:\Automation_practice\AutomationPractice\.metadata\.plugins\org.eclipse.swt\EBWebView\Default lastActive=2026-09-05T15:04:49.666Z
2026-09-05 18:44:34.492: [INFO] OnDoneLoading sync enabled: 0
2026-09-05 18:44:34.492: [INFO] BookmarkModelLoaded, ids_reassigned: 0
2026-09-05 18:44:34.492: [INFO] BookmarksLoadDropped droppedNodes=0
2026-09-05 18:44:34.492: [INFO] BookmarksSnapshot Startup total=0 bar=0 other=0 mobile=0 showBar=0 showBarNTP=1
2026-09-05 18:44:39.545: [INFO] BookmarksSnapshot Shutdown total=0 bar=0 other=0 mobile=0 showBar=0 showBarNTP=1
2026-09-05 18:49:58.054: [INFO] CurrentProfilePath: D:\Automation_practice\AutomationPractice\.metadata\.plugins\org.eclipse.swt\EBWebView\Default
2026-09-05 18:49:58.054: [INFO] Profiles total count: 1
2026-09-05 18:49:58.054: [INFO] Profile: name=Profile 1 path=D:\Automation_practice\AutomationPractice\.metadata\.plugins\org.eclipse.swt\EBWebView\Default lastActive=2026-09-05T18:44:34.608Z
2026-09-05 18:49:58.054: [INFO] LastUsedProfileDir: D:\Automation_practice\AutomationPractice\.metadata\.plugins\org.eclipse.swt\EBWebView\Default
2026-09-05 18:49:58.054: [INFO] MostRecentlyActiveProfile: name=Profile 1 path=D:\Automation_practice\AutomationPractice\.metadata\.plugins\org.eclipse.swt\EBWebView\Default lastActive=2026-09-05T18:44:34.608Z
2026-09-05 18:49:58.054: [INFO] OnDoneLoading sync enabled: 0
2026-09-05 18:49:58.054: [INFO] BookmarkModelLoaded, ids_reassigned: 0
2026-09-05 18:49:58.054: [INFO] BookmarksLoadDropped droppedNodes=0
2026-09-05 18:49:58.054: [INFO] BookmarksSnapshot Startup total=0 bar=0 other=0 mobile=0 showBar=0 showBarNTP=1
